#
# There is insufficient memory for the Java Runtime Environment to continue.
# Native memory allocation (malloc) failed to allocate 1048576 bytes. Error detail: AllocateHeap
# Possible reasons:
#   The system is out of physical RAM or swap space
#   This process is running with CompressedOops enabled, and the Java Heap may be blocking the growth of the native heap
# Possible solutions:
#   Reduce memory load on the system
#   Increase physical memory or swap space
#   Check if swap backing store is full
#   Decrease Java heap size (-Xmx/-Xms)
#   Decrease number of Java threads
#   Decrease Java thread stack sizes (-Xss)
#   Set larger code cache with -XX:ReservedCodeCacheSize=
#   JVM is running with Unscaled Compressed Oops mode in which the Java heap is
#     placed in the first 4GB address space. The Java Heap base address is the
#     maximum limit for the native heap growth. Please use -XX:HeapBaseMinAddress
#     to set the Java Heap base and to place the Java Heap above 4GB virtual address.
# This output file may be truncated or incomplete.
#
#  Out of Memory Error (allocation.cpp:44), pid=5836, tid=49644
#
# JRE version:  (21.0.4+7) (build )
# Java VM: OpenJDK 64-Bit Server VM (21.0.4+7-LTS, mixed mode, sharing, tiered, compressed oops, compressed class ptrs, parallel gc, windows-amd64)
# No core dump will be written. Minidumps are not enabled by default on client versions of Windows
#

---------------  S U M M A R Y ------------

Command Line: --add-modules=ALL-SYSTEM --add-opens=java.base/java.util=ALL-UNNAMED --add-opens=java.base/java.lang=ALL-UNNAMED --add-opens=java.base/sun.nio.fs=ALL-UNNAMED -Declipse.application=org.eclipse.jdt.ls.core.id1 -Dosgi.bundles.defaultStartLevel=4 -Declipse.product=org.eclipse.jdt.ls.core.product -Djava.import.generatesMetadataFilesAtProjectRoot=false -DDetectVMInstallationsJob.disabled=true -Dfile.encoding=utf8 -XX:+UseParallelGC -XX:GCTimeRatio=4 -XX:AdaptiveSizePolicyWeight=90 -Dsun.zip.disableMemoryMapping=true -Xmx2G -Xms100m -Xlog:disable -javaagent:c:\Users\anael\.vscode\extensions\redhat.java-1.54.0-win32-x64\lombok\lombok-1.18.39-4050.jar c:\Users\anael\.vscode\extensions\redhat.java-1.54.0-win32-x64\server\plugins\org.eclipse.equinox.launcher_1.7.100.v20251111-0406.jar -configuration c:\Users\anael\AppData\Roaming\Code\User\globalStorage\redhat.java\1.54.0\config_ss_win -data c:\Users\anael\AppData\Roaming\Code\User\workspaceStorage\29f75969dd551d779b5ee63f3a655964\redhat.java\ss_ws --pipe=\\.\pipe\lsp-299256f062a93bfa7e0361154805ec08-sock

Host: Intel(R) Core(TM) i5-8365U CPU @ 1.60GHz, 8 cores, 15G,  Windows 11 , 64 bit Build 26100 (10.0.26100.6725)
Time: Tue May 12 14:32:20 2026 W. Central Africa Standard Time elapsed time: 0.087809 seconds (0d 0h 0m 0s)

---------------  T H R E A D  ---------------

Current thread (0x0000029a98b5bb70):  JavaThread "Unknown thread" [_thread_in_vm, id=49644, stack(0x000000c1ef200000,0x000000c1ef300000) (1024K)]

Stack: [0x000000c1ef200000,0x000000c1ef300000]
Native frames: (J=compiled Java code, j=interpreted, Vv=VM code, C=native code)
V  [jvm.dll+0x6cbcf9]
V  [jvm.dll+0x8a5551]
V  [jvm.dll+0x8a7a7e]
V  [jvm.dll+0x8a8153]
V  [jvm.dll+0x27eca6]
V  [jvm.dll+0xbf5e7]
V  [jvm.dll+0x7093ed]
V  [jvm.dll+0x709aac]
V  [jvm.dll+0x6da938]
V  [jvm.dll+0x86ee5c]
V  [jvm.dll+0x3bac0c]
V  [jvm.dll+0x857a78]
V  [jvm.dll+0x44f32e]
V  [jvm.dll+0x450f71]
C  [jli.dll+0x5278]
C  [ucrtbase.dll+0x37b0]
C  [KERNEL32.DLL+0x2e8d7]
C  [ntdll.dll+0x8c53c]


---------------  P R O C E S S  ---------------

Threads class SMR info:
_java_thread_list=0x0000029a98b80a20, length=1, elements={
0x0000029a98b5bb70
}

Java Threads: ( => current thread )
=>0x0000029a98b5bb70 JavaThread "Unknown thread"             [_thread_in_vm, id=49644, stack(0x000000c1ef200000,0x000000c1ef300000) (1024K)]
Total: 1

Other Threads:
  0x0000029ab49bca00 WatcherThread "VM Periodic Task Thread"        [id=14216, stack(0x000000c1ef400000,0x000000c1ef500000) (1024K)]
  0x0000029a98b79fe0 WorkerThread "GC Thread#0"                     [id=26736, stack(0x000000c1ef300000,0x000000c1ef400000) (1024K)]
Total: 2

Threads with active compile tasks:
Total: 0

VM state: not at safepoint (normal execution)

VM Mutex/Monitor currently owned by a thread: None

Heap address: 0x0000000080000000, size: 2048 MB, Compressed Oops mode: 32-bit

CDS archive(s) mapped at: [0x0000029ab5000000-0x0000029ab5c90000-0x0000029ab5c90000), size 13172736, SharedBaseAddress: 0x0000029ab5000000, ArchiveRelocationMode: 1.
Compressed class space mapped at: 0x0000029ab6000000-0x0000029af6000000, reserved size: 1073741824
Narrow klass base: 0x0000029ab5000000, Narrow klass shift: 0, Narrow klass range: 0x100000000

GC Precious Log:
 CardTable entry size: 512
 CPUs: 8 total, 8 available
 Memory: 16198M
 Large Page Support: Disabled
 NUMA Support: Disabled
 Compressed Oops: Enabled (32-bit)
 Alignments: Space 512K, Generation 512K, Heap 2M
 Heap Min Capacity: 100M
 Heap Initial Capacity: 100M
 Heap Max Capacity: 2G
 Pre-touch: Disabled
 Parallel Workers: 8

Heap:
 PSYoungGen      total 29696K, used 512K [0x00000000d5580000, 0x00000000d7680000, 0x0000000100000000)
  eden space 25600K, 2% used [0x00000000d5580000,0x00000000d5600020,0x00000000d6e80000)
  from space 4096K, 0% used [0x00000000d7280000,0x00000000d7280000,0x00000000d7680000)
  to   space 4096K, 0% used [0x00000000d6e80000,0x00000000d6e80000,0x00000000d7280000)
 ParOldGen       total 68608K, used 0K [0x0000000080000000, 0x0000000084300000, 0x00000000d5580000)
  object space 68608K, 0% used [0x0000000080000000,0x0000000080000000,0x0000000084300000)
 Metaspace       used 0K, committed 0K, reserved 1048576K
  class space    used 0K, committed 0K, reserved 1048576K

Card table byte_map: [0x0000029a98510000,0x0000029a98920000] _byte_map_base: 0x0000029a98110000

Marking Bits: (ParMarkBitMap*) 0x00007ff9b68cc260
 Begin Bits: [0x0000029ab04e0000, 0x0000029ab24e0000)
 End Bits:   [0x0000029ab24e0000, 0x0000029ab44e0000)

Polling page: 0x0000029a96d50000

Metaspace:

Usage:
  Non-class:      0 bytes used.
      Class:      0 bytes used.
       Both:      0 bytes used.

Virtual space:
  Non-class space:        0 bytes reserved,       0 bytes (  ?%) committed,  0 nodes.
      Class space:        1.00 GB reserved,       0 bytes (  0%) committed,  1 nodes.
             Both:        1.00 GB reserved,       0 bytes (  0%) committed. 

Chunk freelists:
   Non-Class:  0 bytes
       Class:  16.00 MB
        Both:  16.00 MB

MaxMetaspaceSize: unlimited
CompressedClassSpaceSize: 1.00 GB
Initial GC threshold: 21.00 MB
Current GC threshold: 17179869184.00 GB
CDS: on
 - commit_granule_bytes: 65536.
 - commit_granule_words: 8192.
 - virtual_space_node_default_size: 8388608.
 - enlarge_chunks_in_place: 1.
 - use_allocation_guard: 0.


Internal statistics:

num_allocs_failed_limit: 0.
num_arena_births: 0.
num_arena_deaths: 0.
num_vsnodes_births: 1.
num_vsnodes_deaths: 0.
num_space_committed: 0.
num_space_uncommitted: 0.
num_chunks_returned_to_freelist: 0.
num_chunks_taken_from_freelist: 1.
num_chunk_merges: 0.
num_chunk_splits: 1.
num_chunks_enlarged: 0.
num_inconsistent_stats: 0.

CodeHeap 'non-profiled nmethods': size=120000Kb used=0Kb max_used=0Kb free=120000Kb
 bounds [0x0000029aa8d00000, 0x0000029aa8f70000, 0x0000029ab0230000]
CodeHeap 'profiled nmethods': size=120000Kb used=0Kb max_used=0Kb free=120000Kb
 bounds [0x0000029aa1230000, 0x0000029aa14a0000, 0x0000029aa8760000]
CodeHeap 'non-nmethods': size=5760Kb used=194Kb max_used=342Kb free=5565Kb
 bounds [0x0000029aa8760000, 0x0000029aa89d0000, 0x0000029aa8d00000]
 total_blobs=70 nmethods=0 adapters=48
 compilation: enabled
              stopped_count=0, restarted_count=0
 full_count=0

Compilation events (0 events):
No events

GC Heap History (0 events):
No events

Dll operation events (1 events):
Event: 0.033 Loaded shared library c:\Program Files\Eclipse Adoptium\jdk-21.0.4.7-hotspot\bin\java.dll

Deoptimization events (0 events):
No events

Classes loaded (0 events):
No events

Classes unloaded (0 events):
No events

Classes redefined (0 events):
No events

Internal exceptions (0 events):
No events

ZGC Phase Switch (0 events):
No events

VM Operations (0 events):
No events

Memory protections (0 events):
No events

Nmethod flushes (0 events):
No events

Events (1 events):
Event: 0.074 Thread 0x0000029a98b5bb70 Thread added: 0x0000029a98b5bb70


Dynamic libraries:
0x00007ff7e3570000 - 0x00007ff7e357e000 	c:\Program Files\Eclipse Adoptium\jdk-21.0.4.7-hotspot\bin\java.exe
0x00007ffa87ae0000 - 0x00007ffa87d48000 	C:\WINDOWS\SYSTEM32\ntdll.dll
0x00007ffa86f90000 - 0x00007ffa87059000 	C:\WINDOWS\System32\KERNEL32.DLL
0x00007ffa854b0000 - 0x00007ffa858a2000 	C:\WINDOWS\System32\KERNELBASE.dll
0x00007ffa85360000 - 0x00007ffa854ab000 	C:\WINDOWS\System32\ucrtbase.dll
0x00007ffa46720000 - 0x00007ffa46738000 	c:\Program Files\Eclipse Adoptium\jdk-21.0.4.7-hotspot\bin\jli.dll
0x00007ffa86030000 - 0x00007ffa861f5000 	C:\WINDOWS\System32\USER32.dll
0x00007ffa85330000 - 0x00007ffa85357000 	C:\WINDOWS\System32\win32u.dll
0x00007ffa44400000 - 0x00007ffa4441b000 	c:\Program Files\Eclipse Adoptium\jdk-21.0.4.7-hotspot\bin\VCRUNTIME140.dll
0x00007ffa858b0000 - 0x00007ffa858db000 	C:\WINDOWS\System32\GDI32.dll
0x00007ffa84dc0000 - 0x00007ffa84eed000 	C:\WINDOWS\System32\gdi32full.dll
0x00007ffa85280000 - 0x00007ffa85323000 	C:\WINDOWS\System32\msvcp_win.dll
0x00007ffa6b480000 - 0x00007ffa6b713000 	C:\WINDOWS\WinSxS\amd64_microsoft.windows.common-controls_6595b64144ccf1df_6.0.26100.6725_none_3e085828e334708b\COMCTL32.dll
0x00007ffa86d80000 - 0x00007ffa86e29000 	C:\WINDOWS\System32\msvcrt.dll
0x00007ffa86810000 - 0x00007ffa8683f000 	C:\WINDOWS\System32\IMM32.DLL
0x00007ffa6a510000 - 0x00007ffa6a51c000 	c:\Program Files\Eclipse Adoptium\jdk-21.0.4.7-hotspot\bin\vcruntime140_1.dll
0x00007ffa08600000 - 0x00007ffa0868e000 	c:\Program Files\Eclipse Adoptium\jdk-21.0.4.7-hotspot\bin\msvcp140.dll
0x00007ff9b5c20000 - 0x00007ff9b69a8000 	c:\Program Files\Eclipse Adoptium\jdk-21.0.4.7-hotspot\bin\server\jvm.dll
0x00007ffa86cc0000 - 0x00007ffa86d74000 	C:\WINDOWS\System32\ADVAPI32.dll
0x00007ffa86bf0000 - 0x00007ffa86c96000 	C:\WINDOWS\System32\sechost.dll
0x00007ffa874e0000 - 0x00007ffa875f8000 	C:\WINDOWS\System32\RPCRT4.dll
0x00007ffa87990000 - 0x00007ffa87a04000 	C:\WINDOWS\System32\WS2_32.dll
0x00007ffa84ad0000 - 0x00007ffa84b2e000 	C:\WINDOWS\SYSTEM32\POWRPROF.dll
0x00007ffa69980000 - 0x00007ffa699b5000 	C:\WINDOWS\SYSTEM32\WINMM.dll
0x00007ffa741f0000 - 0x00007ffa741fb000 	C:\WINDOWS\SYSTEM32\VERSION.dll
0x00007ffa84ab0000 - 0x00007ffa84ac4000 	C:\WINDOWS\SYSTEM32\UMPDC.dll
0x00007ffa83a00000 - 0x00007ffa83a1b000 	C:\WINDOWS\SYSTEM32\kernel.appcore.dll
0x00007ffa6a400000 - 0x00007ffa6a40a000 	c:\Program Files\Eclipse Adoptium\jdk-21.0.4.7-hotspot\bin\jimage.dll
0x00007ffa822d0000 - 0x00007ffa82512000 	C:\WINDOWS\SYSTEM32\DBGHELP.DLL
0x00007ffa87600000 - 0x00007ffa8797b000 	C:\WINDOWS\System32\combase.dll
0x00007ffa86e30000 - 0x00007ffa86f07000 	C:\WINDOWS\System32\OLEAUT32.dll
0x00007ffa63090000 - 0x00007ffa630cc000 	C:\WINDOWS\SYSTEM32\dbgcore.DLL
0x00007ffa84ef0000 - 0x00007ffa84f88000 	C:\WINDOWS\System32\bcryptPrimitives.dll
0x00007ffa68810000 - 0x00007ffa6881f000 	c:\Program Files\Eclipse Adoptium\jdk-21.0.4.7-hotspot\bin\instrument.dll
0x00007ffa43e30000 - 0x00007ffa43e4f000 	c:\Program Files\Eclipse Adoptium\jdk-21.0.4.7-hotspot\bin\java.dll

dbghelp: loaded successfully - version: 4.0.5 - missing functions: none
symbol engine: initialized successfully - sym options: 0x614 - pdb path: .;c:\Program Files\Eclipse Adoptium\jdk-21.0.4.7-hotspot\bin;C:\WINDOWS\SYSTEM32;C:\WINDOWS\WinSxS\amd64_microsoft.windows.common-controls_6595b64144ccf1df_6.0.26100.6725_none_3e085828e334708b;c:\Program Files\Eclipse Adoptium\jdk-21.0.4.7-hotspot\bin\server

VM Arguments:
jvm_args: --add-modules=ALL-SYSTEM --add-opens=java.base/java.util=ALL-UNNAMED --add-opens=java.base/java.lang=ALL-UNNAMED --add-opens=java.base/sun.nio.fs=ALL-UNNAMED -Declipse.application=org.eclipse.jdt.ls.core.id1 -Dosgi.bundles.defaultStartLevel=4 -Declipse.product=org.eclipse.jdt.ls.core.product -Djava.import.generatesMetadataFilesAtProjectRoot=false -DDetectVMInstallationsJob.disabled=true -Dfile.encoding=utf8 -XX:+UseParallelGC -XX:GCTimeRatio=4 -XX:AdaptiveSizePolicyWeight=90 -Dsun.zip.disableMemoryMapping=true -Xmx2G -Xms100m -Xlog:disable -javaagent:c:\Users\anael\.vscode\extensions\redhat.java-1.54.0-win32-x64\lombok\lombok-1.18.39-4050.jar 
java_command: c:\Users\anael\.vscode\extensions\redhat.java-1.54.0-win32-x64\server\plugins\org.eclipse.equinox.launcher_1.7.100.v20251111-0406.jar -configuration c:\Users\anael\AppData\Roaming\Code\User\globalStorage\redhat.java\1.54.0\config_ss_win -data c:\Users\anael\AppData\Roaming\Code\User\workspaceStorage\29f75969dd551d779b5ee63f3a655964\redhat.java\ss_ws --pipe=\\.\pipe\lsp-299256f062a93bfa7e0361154805ec08-sock
java_class_path (initial): c:\Users\anael\.vscode\extensions\redhat.java-1.54.0-win32-x64\server\plugins\org.eclipse.equinox.launcher_1.7.100.v20251111-0406.jar
Launcher Type: SUN_STANDARD

[Global flags]
    uintx AdaptiveSizePolicyWeight                 = 90                                        {product} {command line}
     intx CICompilerCount                          = 4                                         {product} {ergonomic}
    uintx GCTimeRatio                              = 4                                         {product} {command line}
   size_t InitialHeapSize                          = 104857600                                 {product} {command line}
   size_t MaxHeapSize                              = 2147483648                                {product} {command line}
   size_t MaxNewSize                               = 715653120                                 {product} {ergonomic}
   size_t MinHeapDeltaBytes                        = 524288                                    {product} {ergonomic}
   size_t MinHeapSize                              = 104857600                                 {product} {command line}
   size_t NewSize                                  = 34603008                                  {product} {ergonomic}
    uintx NonNMethodCodeHeapSize                   = 5839372                                {pd product} {ergonomic}
    uintx NonProfiledCodeHeapSize                  = 122909434                              {pd product} {ergonomic}
   size_t OldSize                                  = 70254592                                  {product} {ergonomic}
    uintx ProfiledCodeHeapSize                     = 122909434                              {pd product} {ergonomic}
    uintx ReservedCodeCacheSize                    = 251658240                              {pd product} {ergonomic}
     bool SegmentedCodeCache                       = true                                      {product} {ergonomic}
   size_t SoftMaxHeapSize                          = 2147483648                             {manageable} {ergonomic}
     bool UseCompressedOops                        = true                           {product lp64_product} {ergonomic}
     bool UseLargePagesIndividualAllocation        = false                                  {pd product} {ergonomic}
     bool UseParallelGC                            = true                                      {product} {command line}

Logging:
Log output configuration:
 #0: stdout all=off uptime,level,tags foldmultilines=false
 #1: stderr all=off uptime,level,tags foldmultilines=false

Environment Variables:
PATH=C:\Users\anael\AppData\Local\Programs\Microsoft VS Code;C:\Program Files (x86)\NVIDIA Corporation\PhysX\Common;C:\Program Files (x86)\VMware\VMware Workstation\bin\;C:\Program Files\Eclipse Adoptium\jdk-21.0.4.7-hotspot\bin;C:\WINDOWS\system32;C:\WINDOWS;C:\WINDOWS\System32\Wbem;C:\WINDOWS\System32\WindowsPowerShell\v1.0\;C:\WINDOWS\System32\OpenSSH\;C:\Program Files\Docker\Docker\resources\bin;C:\Program Files\Zero Install;C:\php-8.2;C:\Program Files\Git\cmd;C:\Program Files\nodejs\;C:\Program Files\PuTTY\;C:\Program Files\Microsoft SQL Server\150\Tools\Binn\;C:\Program Files\Microsoft SQL Server\Client SDK\ODBC\170\Tools\Binn\;C:\Program Files\dotnet\;C:\Program Files (x86)\Windows Kits\10\Windows Performance Toolkit\;C:\msys64\mingw64\bin;C:\Qt\Tools\QtDesignStudio\bin;C:\Qt\6.8.2\mingw_64\bin;C:\Program Files\Microsoft Visual Studio\2022\Community\VC\Tools\MSVC\14.43.34808\bin\Hostx64\x64;C:\Qt\6.8.2;C:\MinGW;C:\Personnels\MinGW;C:\Personnels\SFML-windows-vc17-64-bit&Visual Studio\SFML-2.6.2-windows-gcc-13.1.0-mingw-64-bit\SFML-2.6.2\bin;C:\msys64\ucrt64\bin;C:\mingw-13.1.0\mingw64;C:\mingw-13.1.0\mingw64\bin;C:\composer;C:\Users\anael\AppData\Roaming\Composer\vendor\bin;C:\Program Files\PostgreSQL\16\bin;C:\WINDOWS\system32;C:\WINDOWS;C:\WINDOWS\System32\Wbem;C:\WINDOWS\System32\WindowsPowerShell\v1.0\;C:\WINDOWS\System32\OpenSSH\;C:\Program Files\cursor\resources\app\bin;C:\Users\anael\.deno\bin;
USERNAME=anael
OS=Windows_NT
PROCESSOR_IDENTIFIER=Intel64 Family 6 Model 142 Stepping 12, GenuineIntel
TMP=C:\Users\anael\AppData\Local\Temp
TEMP=C:\Users\anael\AppData\Local\Temp




Periodic native trim disabled

---------------  S Y S T E M  ---------------

OS:
 Windows 11 , 64 bit Build 26100 (10.0.26100.6725)
OS uptime: 6 days 15:55 hours
Hyper-V role detected

CPU: total 8 (initial active 8) (4 cores per cpu, 2 threads per core) family 6 model 142 stepping 12 microcode 0xfa, cx8, cmov, fxsr, ht, mmx, 3dnowpref, sse, sse2, sse3, ssse3, sse4.1, sse4.2, popcnt, lzcnt, tsc, tscinvbit, avx, avx2, aes, erms, clmul, bmi1, bmi2, adx, fma, vzeroupper, clflush, clflushopt, hv, rdtscp, f16c
Processor Information for all 8 processors :
  Max Mhz: 1896, Current Mhz: 1596, Mhz Limit: 1592

Memory: 4k page, system-wide physical 16198M (1543M free)
TotalPageFile size 44466M (AvailPageFile size 2M)
current process WorkingSet (physical memory assigned to process): 27M, peak: 27M
current process commit charge ("private bytes"): 218M, peak: 219M

vm_info: OpenJDK 64-Bit Server VM (21.0.4+7-LTS) for windows-amd64 JRE (21.0.4+7-LTS), built on 2024-07-16T00:00:00Z by "admin" with MS VC++ 17.7 (VS2022)

END.
